- .  "The Futurians" by Damon Knight
. .  ref: "Paragons" by Robin Wilson
. .  "amusing and revealing history... of a cabal within this bohemian
     collective of fifteen of so SF pioneers (circa 1940)"

- .  Good writing exercise example:
. .  PUTTING IT ALL TOGETHER: CHARACTERS WE WANT TO READ MORE ABOUT
. .  from Beginnings, Middles & Ends by Nancy Kress
